[index-2.html]
[wp-content/uploads/et-fonts/Petala-Pro-Regular.otf]
[backblue.gif]
[fade.gif]
[index.html]
[wp-content/plugins/instagram-feed/css/sbi-styles.min52c7.css]
[index-4.html]
[s/nunitosans/v12/pe01MImSLYBIv1o4X1M8cce4GxZrY10IVw.ttf]
[c/5.9.5/wp-includes/js/mediaelement/mediaelementplayer-legacy.min.css]
[c/5.9.5/wp-includes/js/mediaelement/wp-mediaelement.min.css]
[wp-content/plugins/divi-booster/core/fixes/126-customizer-social-icons/icons688f.css]
[wp-content/plugins/divi-booster/core/icons/socicon/style688f.css]
[wp-content/plugins/divi-booster/core/icons/divi-booster-icons/icomoon/style688f.css]
[feed/index.html]
[comments/feed/index.html]
[wp-content/uploads/wtfdivi/wp_head5e86.css]
[wp-content/plugins/divi-100-article-card/assets/css/styleeb35.css]
[wp-content/themes/Divi/includes/builder/styles/images/preloader.gif]
[wp-content/themes/Divi/core/admin/fonts/modules/all/modules.eot]
[cdn-cgi/scripts/7d0fa10a/cloudflare-static/rocket-loader.min.js]
[wp-content/et-cache/263/et-divi-dynamic-263-late1717.css]
[wp-content/et-cache/263/et-divi-dynamic-2631717.css]
[wp-content/themes/divi-child/stylef177.css]
[p/jetpack/10.9/css/jetpack.css]
[wp-json/wp/v2/pages/263.json]
[wp-json/index.html]
[xmlrpc0db0.php]
[wp-includes/wlwmanifest.xml]
[wp-json/oembed/1.0/embed0d5d.json]
[wp-json/oembed/1.0/embedff6a]
[gtag/js1065]
[mcjs-connected/js/users/2e657a22a3364791fc1a84118/bf1bd25d6e7e3b4cb615841b1.js]
[nataliafaria.arq.br/wp-content/uploads/2019/02/icone-natalia-faria-be43b.png]
[nataliafaria.arq.br/wp-content/uploads/2019/02/icone-natalia-faria-b795b.png]
[wp-content/et-cache/263/et-core-unified-deferred-263.mincef7.css]
[wp-content/uploads/2019/02/logo-natalia-faria-arquitetura-h-w.svg]
[wp-content/uploads/2019/05/erika-sala-2.jpg]
[nataliafaria.arq.br/wp-content/uploads/2019/02/Novo-lar-do-Thiago-Érika-e-Antônia-Varanda29f1.png]
[projetos/index.html]
[nataliafaria.arq.br/wp-content/uploads/2019/02/Renovando-o-lar-da-Mayre-Sala-íntima-129f1.png]
[novo-lar-thiago-erika-e-antonia/index.html]
[nataliafaria.arq.br/wp-content/uploads/2019/02/Primeiro-lar-Tiago-e-Flávia-Sala29f1.png]
[lar-renovado-mayre/index.html]
[nataliafaria.arq.br/wp-content/uploads/2019/02/Quarto-Tiago-e-Flávia29f1.png]
[nataliafaria.arq.br/wp-content/uploads/2019/02/Sala-Thiago-Érika-e-Antônia29f1.png]
[nataliafaria.arq.br/wp-content/uploads/2019/02/Quarto-Selena9791.png]
[cdn-cgi/l/email-protection.html]
[cdn-cgi/scripts/5c5dd728/cloudflare-static/email-decode.min.js]
[primeiro-lar-thiago-e-flavia/index.html]
[wp-content/plugins/divi-booster/core/icons/socicon/fonts/Socicon397f.woff2]
[wp-content/plugins/divi-booster/core/icons/socicon/fonts/Socicon397f.eot]
[wp-content/plugins/divi-booster/core/icons/socicon/fonts/Socicon397f.ttf]
[wp-content/plugins/divi-booster/core/icons/socicon/fonts/Socicon397f.woff]
[wp-content/plugins/divi-booster/core/icons/socicon/fonts/Socicon397f.svg]
[c/5.9.5/wp-includes/css/dist/block-library/style.min.css]
[wp-content/plugins/bloom/css/style9484.css]
[p/jetpack/10.9/_inc/build/photon/photon.min.js]
[c/5.9.5/wp-includes/js/jquery/jquery.min.js]
[c/5.9.5/wp-includes/js/jquery/jquery-migrate.min.js]
[wp-content/plugins/svg-support/js/svgs-inline8a54.js]
[wp-content/themes/Divi/js/scripts.minf177.js]
[wp-content/plugins/divi-100-article-card/assets/js/scriptseb35.js]
[wp-content/themes/Divi/js/smoothscrollf177.js]
[wp-content/themes/Divi/includes/builder/feature/dynamic-assets/assets/js/jquery.fitvidsf177.js]
[wp-content/themes/Divi/includes/builder/feature/dynamic-assets/assets/js/easypiechartf177.js]
[wp-content/themes/Divi/includes/builder/feature/dynamic-assets/assets/js/salvattoref177.js]
[wp-content/plugins/jetpack/jetpack_vendor/automattic/jetpack-lazy-images/dist/intersection-observer391c.js]
[wp-content/plugins/jetpack/jetpack_vendor/automattic/jetpack-lazy-images/dist/lazy-imagesa74c.js]
[wp-content/themes/Divi/core/admin/js/commonf177.js]
[wp-content/uploads/wtfdivi/wp_footer5e86.js]
[wp-content/plugins/bloom/js/custom9484.js]
[wp-content/plugins/bloom/js/idle-timer.min9484.js]
[index-2.html]
[xmlrpc.php]
[e-202303.js]
[index-3.html]
[favicon.ico]
[dist/css/style.min82aa.css]
[dist/css/profile.min82aa.css]
[css/cropper-1.5.13.min82aa.css]
[js/jquery82aa.js]
[js/jquery-migrate82aa.js]
[js/cropper-1.5.13.min82aa.js]
[js/application82aa.js]
[js/jcarousel/lib/jquery.jcarousel82aa.js]
[js/jcarousel/lib/jquery.jcarousel.css]
[js/jcarousel/skins/tango/skin.css]
[js/webtoolkit.base64.js]
[js/login.js]
[i/noticons/noticons.css]
[images/logo-crowdsignal.svg]
[dist/css/homepage.min82aa.css]
[index-4.html]
[wp-content/mu-plugins/a8c-analytics/a8c-analytics2398.js]
[site/implement.html]
[js/homepage-client.js]
[index-5.html]
[site/translations/index.html]
[index-6.html]
[site/implement/index.html]
[support/index.html]
[index-7.html]
[index-8.html]
[index-9.html]
[index-10.html]
[index-11.html]
[index-12.html]
[wp-content/plugins/instagram-feed/img/small-logo.5b.delayed]
[wp-content/plugins/instagram-feed/css/sbi-styles.min52c7.css]
[c/5.9.5/wp-includes/js/mediaelement/mediaelementplayer-legacy.min.css]
[c/5.9.5/wp-includes/js/mediaelement/wp-mediaelement.min.css]
[wp-content/plugins/divi-booster/core/fixes/126-customizer-social-icons/icons688f.css]
[wp-content/plugins/divi-booster/core/icons/socicon/style688f.css]
[c/5.9.5/wp-includes/js/mediaelement/mejs-controls.svg]
[wp-content/plugins/divi-booster/core/icons/divi-booster-icons/icomoon/fonts/divi-booster-icons14b5.eot]
[wp-content/plugins/divi-booster/core/icons/divi-booster-icons/icomoon/fonts/divi-booster-icons14b5.ttf]
[wp-content/plugins/divi-booster/core/icons/divi-booster-icons/icomoon/fonts/divi-booster-icons14b5.woff]
[wp-content/plugins/divi-booster/core/icons/divi-booster-icons/icomoon/style688f.css]
[wp-content/uploads/wtfdivi/wp_head5e86.css]
[wp-content/plugins/divi-100-article-card/assets/css/styleeb35.css]
[wp-content/et-cache/263/et-divi-dynamic-263-late1717.css]
[wp-content/et-cache/263/et-divi-dynamic-2631717.css]
[wp-content/themes/divi-child/stylef177.css]
[wp-content/plugins/divi-booster/core/icons/divi-booster-icons/icomoon/fonts/divi-booster-icons14b5.svg]
[p/jetpack/10.9/modules/shortcodes/img/slideshow-controls.png]
[p/jetpack/10.9/modules/shortcodes/img/slideshow-controls-2x.png]
[p/jetpack/10.9/modules/shortcodes/images/slide-nav.png]
[p/jetpack/10.9/modules/shortcodes/images/expand.png]
[p/jetpack/10.9/modules/shortcodes/images/collapse.png]
[images/grav-share-sprite.png]
[p/jetpack/10.9/css/jetpack.css]
[index9008.html]
[wp-content/uploads/2019/02/mesa-de-trabalho-1920x1080.png]
[wp-content/et-cache/263/et-core-unified-deferred-263.mincef7.css]
[wp-content/uploads/2019/02/logo-natalia-faria-arquitetura-h-w.svg]
[wp-json/wp/v2/pages/1234.json]
[wp-json/oembed/1.0/embed8d78.json]
[wp-json/oembed/1.0/embed320e]
[wp-content/et-cache/1234/et-core-unified-deferred-1234.min3105.css]
[nataliafaria.arq.br/wp-content/uploads/2019/11/04b30d.jpg]
[nataliafaria.arq.br/wp-content/uploads/2019/11/05-tratada-1b30d.jpg]
[nataliafaria.arq.br/wp-content/uploads/2019/11/1910-AP-3D-SALA-R00-16-TRATADAb30d.jpg]
[nataliafaria.arq.br/wp-content/uploads/2019/11/1909-QUARTO-TOM-R00-02-tratadab30d.jpg]
[nataliafaria.arq.br/wp-content/uploads/2019/11/06-tratadab30d.jpg]
[quarto-da-selena/index.html]
[nataliafaria.arq.br/wp-content/uploads/2019/03/Primeiro-lar-Thiago-e-Flávia-Sala-1024x585.71eb45.delayed]
[projeto/index.html]
[residencial/index.html]
[residencial/quarto/quarto-de-bebe/index.html]
[nataliafaria.arq.br/wp-content/uploads/2019/02/Novo-lar-Thiago-Érika-e-Antônia-Sala-Trilho-de-iluminação-1024x576eb45.png]
[nataliafaria.arq.br/wp-content/uploads/2019/02/Lar-renovado-Mayre-Quartob30d.png]
[wp-content/plugins/jetpack/_inc/blocks/tiled-gallery/view84f4.css]
[residencial/sala/index.html]
[natalia-e-yan/index.html]
[fabiana-e-felipe/index.html]
[residencial/area-externa/index.html]
[residencial/espaco-gourmet/index.html]
[c/5.9.5/wp-includes/js/mediaelement/mediaelement-and-player.min.js]
[c/5.9.5/wp-includes/js/mediaelement/mediaelement-migrate.min.js]
[c/5.9.5/wp-includes/js/mediaelement/wp-mediaelement.min.js]
[p/jetpack/10.9/_inc/build/carousel/jetpack-carousel.min.js]
[c/5.9.5/wp-includes/js/dist/vendor/regenerator-runtime.min.js]
[residencial/home-office/index.html]
[debora-e-felipe/index.html]
[residencial/quarto/quarto-infantil/index.html]
[c/5.9.5/wp-includes/js/dist/vendor/wp-polyfill.min.js]
[c/5.9.5/wp-includes/js/dist/dom-ready.min.js]
[projetos/index.html]
[wp-content/plugins/jetpack/_inc/blocks/tiled-gallery/view84f4.js]
[residencial/varanda/index.html]
[bruna-e-leonardo/index.html]
[residencial/quarto/index.html]
[residencial/banheiro/index.html]
[p/jetpack/10.9/_inc/build/related-posts/related-posts.min.js]
[tag/apartamento-alugado/index.html]
[tag/apartamento-proprio/index.html]
[wp-json/wp/v2/posts/1241.json]
[tag/churrasqueira/index.html]
[tag/berco/index.html]
[tag/cobertura/index.html]
[tag/decoracao/index.html]
[wp-json/oembed/1.0/embedacb7.json]
[tag/espaco-gourmet/index.html]
[tag/imovel-alugado/index.html]
[tag/interiores/index.html]
[tag/piscina/index.html]
[tag/reforma/index.html]
[wp-json/oembed/1.0/embed3d66]
[tag/reforma-de-apartamento/index.html]
[tag/sala-intima/index.html]
[wp-content/et-cache/global/et-divi-customizer-global.mine71c.css]
[nataliafaria.arq.br/wp-content/uploads/2019/02/Novo-lar-Thiago-Érika-e-Antônia-Sala-Bancada-1024x576eb45.png]
[tag/suite/index.html]
[tag/varanda-gourmet/index.html]
[nataliafaria.arq.br/wp-content/uploads/2019/02/Novo-lar-Thiago-Érika-e-Antônia-Sala-Bar-1024x576eb45.png]
[nataliafaria.arq.br/wp-content/uploads/2019/02/Novo-lar-Thiago-Érika-e-Antônia-Sala-Cadeira-1024x576eb45.png]
[nataliafaria.arq.br/wp-content/uploads/2019/02/Novo-lar-Thiago-Érika-e-Antônia-Sala-Criado-mudo-1024x576eb45.png]
[novo-lar-thiago-erika-e-antonia/feed/index.html]
[nataliafaria.arq.br/wp-content/uploads/2019/02/Novo-lar-Thiago-Érika-e-Antônia-Sala-Entrada-1024x576eb45.png]
[nataliafaria.arq.br/wp-content/uploads/2019/02/Novo-lar-Thiago-Érika-e-Antônia-Sala-Jardim-Vertical-1024x576eb45.png]
[nataliafaria.arq.br/wp-content/uploads/2019/02/Novo-lar-Thiago-Érika-e-Antônia-Sala-Mesa-1024x576eb45.png]
[nataliafaria.arq.br/wp-content/uploads/2019/02/Novo-lar-Thiago-Érika-e-Antônia-Sala-Persiana-1024x576eb45.png]
[nataliafaria.arq.br/wp-content/uploads/2019/02/Novo-lar-Thiago-Érika-e-Antônia-Sala-Sofá-1024x576eb45.png]
[nataliafaria.arq.br/wp-content/uploads/2019/02/Novo-lar-Thiago-Érika-e-Antônia-Sala-Televisão-1024x576eb45.png]
[nataliafaria.arq.br/wp-content/uploads/2019/02/Novo-lar-Thiago-Érika-e-Antônia-Varanda-Completa-1024x357eb45.png]
[nataliafaria.arq.br/wp-content/uploads/2019/02/Novo-lar-Thiago-Érika-e-Antônia-Varanda-Cantinho-para-criança-1024x576eb45.png]
[nataliafaria.arq.br/wp-content/uploads/2019/02/Novo-lar-Thiago-Érika-e-Antônia-Varanda-Porta-1024x576eb45.png]
[nataliafaria.arq.br/wp-content/uploads/2019/02/Novo-lar-Thiago-Érika-e-Antônia-Varanda-Cadeiras-1024x576eb45.png]
[nataliafaria.arq.br/wp-content/uploads/2019/02/Novo-lar-Thiago-Érika-e-Antônia-Varanda-Sofá-1024x576eb45.png]
[nataliafaria.arq.br/wp-content/uploads/2019/02/Novo-lar-Thiago-Érika-e-Antônia-Varanda-Plantas-1024x576eb45.png]
[nataliafaria.arq.br/wp-content/uploads/2019/02/Novo-lar-Thiago-Érika-e-Antônia-Varanda-Vista-aberta-1024x576eb45.png]
[nataliafaria.arq.br/wp-content/uploads/2019/02/Novo-lar-Thiago-Érika-e-Antônia-Varanda-Bancada-1024x576eb45.png]
[nataliafaria.arq.br/wp-content/uploads/2019/02/Novo-lar-Thiago-Érika-e-Antônia-Varanda-Brinquedos-1024x576eb45.png]
[nataliafaria.arq.br/wp-content/uploads/2019/02/Novo-lar-Thiago-Érika-e-Antônia-Varanda-Mesa-de-centro-1024x576eb45.png]
[nataliafaria.arq.br/wp-content/uploads/2019/02/Novo-lar-Thiago-Érika-e-Antônia-Varanda-Balanço-1024x576eb45.png]
[nataliafaria.arq.br/wp-content/uploads/2019/02/Novo-lar-Thiago-Érika-e-Antônia-Varanda-Vista-da-cidade-1024x576eb45.png]
[novo-lar-thiago-erika-e-antonia/index.html]
[wp-json/wp/v2/posts/1214.json]
[lar-renovado-mayre/feed/index.html]
[wp-json/oembed/1.0/embed1fc0.json]
[wp-json/oembed/1.0/embed4653]
[nataliafaria.arq.br/wp-content/uploads/2019/02/Lar-renovado-Mayre-Quarto8753.png]
[nataliafaria.arq.br/wp-content/uploads/2019/02/Lar-renovado-Mayre-Quarto-Cadeira-1024x576eb45.png]
[nataliafaria.arq.br/wp-content/uploads/2019/02/Lar-renovado-Mayre-Quarto-Criado-mudo-1024x576eb45.png]
[nataliafaria.arq.br/wp-content/uploads/2019/02/Lar-renovado-Mayre-Quarto-Porta-1024x576eb45.png]
[nataliafaria.arq.br/wp-content/uploads/2019/02/Lar-renovado-Mayre-Quarto-1024x1024eb45.png]
[nataliafaria.arq.br/wp-content/uploads/2019/02/Lar-renovado-Mayre-Banheiro-Porta-1024x1024eb45.png]
[nataliafaria.arq.br/wp-content/uploads/2019/02/Lar-renovado-Mayre-Banheiro-Bancada-1024x1024eb45.png]
[nataliafaria.arq.br/wp-content/uploads/2019/02/Lar-renovado-Mayre-Banheiro-Banquinho-1024x1024eb45.png]
[nataliafaria.arq.br/wp-content/uploads/2019/02/Lar-renovado-Mayre-Banheiro-Box-1024x1024eb45.png]
[nataliafaria.arq.br/wp-content/uploads/2019/02/Lar-renovado-Mayre-Banheiro-Pia-1024x1024eb45.png]
[nataliafaria.arq.br/wp-content/uploads/2019/02/Lar-renovado-Mayre-Banheiro-Lustre-1024x1024eb45.png]
[nataliafaria.arq.br/wp-content/uploads/2019/02/Lar-renovado-Mayre-Banheiro-Prateleira-1024x1024eb45.png]
[lar-renovado-mayre/index.html]
[primeiro-lar-thiago-e-flavia/feed/index.html]
[wp-json/wp/v2/posts/1246.json]
[wp-json/oembed/1.0/embed91fa.json]
[wp-json/oembed/1.0/embed1ced]
[nataliafaria.arq.br/wp-content/uploads/2019/03/Primeiro-lar-Thiago-e-Flávia-Sala-Escada-1024x591eb45.png]
[nataliafaria.arq.br/wp-content/uploads/2019/03/Primeiro-lar-Thiago-e-Flávia-Sala-Estante-1024x1024eb45.png]
[nataliafaria.arq.br/wp-content/uploads/2019/03/Primeiro-lar-Thiago-e-Flávia-Quarto-Cama-1024x576eb45.png]
[nataliafaria.arq.br/wp-content/uploads/2019/03/Primeiro-lar-Thiago-e-Flávia-Quarto-Estante-Aberta-1024x576eb45.png]
[nataliafaria.arq.br/wp-content/uploads/2019/03/Primeiro-lar-Thiago-e-Flávia-Quarto-Estante-Fechada-1024x576eb45.png]
[nataliafaria.arq.br/wp-content/uploads/2019/03/Primeiro-lar-Thiago-e-Flávia-Quarto-1024x576eb45.png]
[primeiro-lar-thiago-e-flavia/index.html]
[cdn-cgi/l/email-protection.html]
[wp-admin/admin-ajax.html]
[wp-content/plugins/divi-booster/core/icons/socicon/fonts/Socicon397f.svg]
[cssb8af.css]
[css897c.css]
[c/5.9.5/wp-includes/css/dist/block-library/style.min.css]
[wp-content/plugins/bloom/css/fonts/ET-Bloombb91.eot]
[wp-content/plugins/bloom/css/fonts/ET-Bloomd41d.eot]
[wp-content/plugins/bloom/css/fonts/ET-Bloombb91.woff]
[wp-content/plugins/bloom/css/fonts/ET-Bloombb91.ttf]
[wp-content/plugins/bloom/css/fonts/ET-Bloombb91.svg]
[wp-content/plugins/bloom/images/subscribe-loader.gif]
[wp-content/plugins/bloom/images/checked.png]
[wp-content/plugins/bloom/images/checked_light.png]
[wp-content/plugins/bloom/css/style9484.css]
[wp-content/plugins/instagram-feed/js/sbi-scripts.min52c7.js]
[wp-content/plugins/bloom/js/jquery.uniform.min9484.js]
[images/logo.png]
[images/user-logos6512.png]
[images/profile-delete-button.png]
[images/grav-tag.png]
[images/grav-tag-left.png]
[images/grav-tag.gif]
[images/pillicon.png]
[images/videothumbnail.jpg]
[images/gravatar-sprite6512.png]
[images/wpcc-logo.png]
[images/wpcc-logo-2x.png]
[images/gravatar-sprite-2x6512.png]
[images/user-logos-2x6512.png]
[images/videothumbnail-2x.jpg]
[images/grav-tag-2x.png]
[images/grav-tag-left-2x.png]
[images/grav-tag-2x.gif]
[dist/css/style.min82aa.css]
[dist/css/profile.min82aa.css]
[css/cropper-1.5.13.min82aa.css]
[js/jcarousel/lib/jquery.jcarousel.css]
[js/jcarousel/skins/tango/next-horizontal.png]
[js/jcarousel/skins/tango/prev-horizontal.png]
[js/jcarousel/skins/tango/next-vertical.png]
[js/jcarousel/skins/tango/prev-vertical.png]
[js/jcarousel/skins/tango/skin.css]
[i/noticons/Noticonsd41d.eot]
[i/noticons/noticons.css]
[dist/css/homepage.min82aa.css]
[images/logo-crowdsignal.svg]
[site/implement.html]
[i/noticons/Noticons.svg]
[site/translations/index.html]
[i/noticons/Noticons.ttf]
[site/implement/index.html]
[site/implement/hash/index.html]
[site/implement/images/index.html]
[site/implement/profiles/index.html]
[site/implement/images/coldfusion/index.html]
[site/implement/images/django/index.html]
[site/implement/images/java/index.html]
[support/index.html]
[support/data-privacy.html]
[site/implement/images/php/index.html]
[site/implement/images/perl/index.html]
[site/implement/images/python/index.html]
[wp-content/plugins/instagram-feed/img/small-logo.html]
[site/implement/images/ruby/index.html]
[site/implement/images/rails/index.html]
[site/implement/images/libraries/index.html]
[c/5.9.5/wp-includes/js/mediaelement/mejs-controls.svg]
[site/implement/profiles/json/index.html]
[site/implement/profiles/xml/index.html]
[site/implement/profiles/php/index.html]
[site/implement/profiles/vcf/index.html]
[wp-content/plugins/divi-booster/core/icons/divi-booster-icons/icomoon/fonts/divi-booster-icons14b5.svg]
[site/implement/profiles/qr/index.html]
[site/implement/profiles/jsapi/index.html]
[site/implement/xmlrpc/index.html]
[support/what-is-gravatar/index.html]
[wp-content/et-cache/1234/et-core-unified-deferred-1234.min3105.css]
[support/how-to-sign-up/index.html]
[support/no-confirmation-email/index.html]
[support/existing-account/index.html]
[support/activating-your-account/index.html]
[support/gravatar-locations/index.html]
[support/faq/index.html]
[support/gravatar-languages/index.html]
[wp-json/wp/v2/posts/1402.json]
[support/resetting-your-password/index.html]
[support/changing-your-password/index.html]
[support/recycling-profiles/index.html]
[support/deleting-accounts/index.html]
[support/wordpress-accounts/index.html]
[support/about-profiles/index.html]
[wp-json/oembed/1.0/embedb556.json]
[support/profile-contact-info/index.html]
[support/profile-privacy/index.html]
[support/profile-verified-services/index.html]
[wp-json/oembed/1.0/embed36dc]
[support/profile-links/index.html]
[nataliafaria.arq.br/wp-content/uploads/2019/11/048753.jpg]
[support/profile-hovercards/index.html]
[support/profile-crypto-currency/index.html]
[support/contact-us/index.html]
[nataliafaria.arq.br/wp-content/uploads/2019/11/02eb45.jpg]
[nataliafaria.arq.br/wp-content/uploads/2019/11/03eb45.jpg]
[nataliafaria.arq.br/wp-content/uploads/2019/11/04eb45.jpg]
[nataliafaria.arq.br/wp-content/uploads/2019/11/05eb45.jpg]
[nataliafaria.arq.br/wp-content/uploads/2019/11/06eb45.jpg]
[nataliafaria.arq.br/wp-content/uploads/2019/11/07eb45.jpg]
[quarto-da-selena/feed/index.html]
[nataliafaria.arq.br/wp-content/uploads/2019/11/08eb45.jpg]
[nataliafaria.arq.br/wp-content/uploads/2019/11/09eb45.jpg]
[nataliafaria.arq.br/wp-content/uploads/2019/11/10eb45.jpg]
[nataliafaria.arq.br/wp-content/uploads/2019/11/11eb45.jpg]
[nataliafaria.arq.br/wp-content/uploads/2019/11/12eb45.jpg]
[nataliafaria.arq.br/wp-content/uploads/2019/11/13eb45.jpg]
[quarto-da-selena/index.html]
[projeto/index.html]
[residencial/quarto/quarto-de-bebe/index.html]
[residencial/index.html]
[natalia-e-yan/feed/index.html]
[wp-json/wp/v2/posts/1387.json]
[wp-json/oembed/1.0/embed3004.json]
[wp-json/oembed/1.0/embed5436]
[nataliafaria.arq.br/wp-content/uploads/2019/11/05-tratada-18753.jpg]
[nataliafaria.arq.br/wp-content/uploads/2019/11/02-tratadaeb45.jpg]
[nataliafaria.arq.br/wp-content/uploads/2019/11/07-tratada-2eb45.jpg]
[nataliafaria.arq.br/wp-content/uploads/2019/11/03-tratada-1eb45.jpg]
[nataliafaria.arq.br/wp-content/uploads/2019/11/05-tratada-1eb45.jpg]
[nataliafaria.arq.br/wp-content/uploads/2019/11/06-tratada-1eb45.jpg]
[nataliafaria.arq.br/wp-content/uploads/2019/11/08-tratadaeb45.jpg]
[nataliafaria.arq.br/wp-content/uploads/2019/11/10-tratadaeb45.jpg]
[nataliafaria.arq.br/wp-content/uploads/2019/11/11-tratada-1eb45.jpg]
[nataliafaria.arq.br/wp-content/uploads/2019/11/12-tratada-1eb45.jpg]
[nataliafaria.arq.br/wp-content/uploads/2019/11/13-tratadaeb45.jpg]
[nataliafaria.arq.br/wp-content/uploads/2019/11/14-tratadaeb45.jpg]
[natalia-e-yan/index.html]
[residencial/sala/index.html]
[nataliafaria.arq.br/wp-content/uploads/2019/11/15-tratadaeb45.jpg]
[wp-json/wp/v2/posts/1358.json]
[fabiana-e-felipe/feed/index.html]
[wp-json/oembed/1.0/embedcbe2.json]
[wp-json/oembed/1.0/embedf6a6]
[nataliafaria.arq.br/wp-content/uploads/2019/11/1910-AP-3D-SALA-R00-16-TRATADA8753.jpg]
[nataliafaria.arq.br/wp-content/uploads/2019/11/1910-AP-3D-EXTERNA-R00-01-TRATADAeb45.jpg]
[nataliafaria.arq.br/wp-content/uploads/2019/11/1910-AP-3D-EXTERNA-R00-02-TRATADAeb45.jpg]
[nataliafaria.arq.br/wp-content/uploads/2019/11/1910-AP-3D-EXTERNA-R00-03-TRATADAeb45.jpg]
[nataliafaria.arq.br/wp-content/uploads/2019/11/1910-AP-3D-EXTERNA-R00-04-TRATADAeb45.jpg]
[nataliafaria.arq.br/wp-content/uploads/2019/11/1910-AP-3D-EXTERNA-R00-05-TRATADAeb45.jpg]
[nataliafaria.arq.br/wp-content/uploads/2019/11/1910-AP-3D-EXTERNA-R00-06-TRATADAeb45.jpg]
[nataliafaria.arq.br/wp-content/uploads/2019/11/1910-AP-3D-EXTERNA-R00-08-TRATADAeb45.jpg]
[nataliafaria.arq.br/wp-content/uploads/2019/11/1910-AP-3D-EXTERNA-R00-08A-TRATADAeb45.jpg]
[nataliafaria.arq.br/wp-content/uploads/2019/11/1910-AP-3D-EXTERNA-R00-09-TRATADAeb45.jpg]
[nataliafaria.arq.br/wp-content/uploads/2019/11/1910-AP-3D-EXTERNA-R00-11-TRATADAeb45.jpg]
[nataliafaria.arq.br/wp-content/uploads/2019/11/1910-AP-3D-EXTERNA-R00-14-TRATADAeb45.jpg]
[nataliafaria.arq.br/wp-content/uploads/2019/11/1910-AP-3D-EXTERNA-R00-16-TRATADAeb45.jpg]
[nataliafaria.arq.br/wp-content/uploads/2019/11/1910-AP-3D-SALA-R00-02-TRATADAeb45.jpg]
[nataliafaria.arq.br/wp-content/uploads/2019/11/1910-AP-3D-SALA-R00-03-TRATADAeb45.jpg]
[nataliafaria.arq.br/wp-content/uploads/2019/11/1910-AP-3D-SALA-R00-04-TRATADAeb45.jpg]
[nataliafaria.arq.br/wp-content/uploads/2019/11/1910-AP-3D-SALA-R00-05-TRATADA-1eb45.jpg]
[nataliafaria.arq.br/wp-content/uploads/2019/11/1910-AP-3D-SALA-R00-06-TRATADAeb45.jpg]
[nataliafaria.arq.br/wp-content/uploads/2019/11/1910-AP-3D-SALA-R00-08-TRATADAeb45.jpg]
[nataliafaria.arq.br/wp-content/uploads/2019/11/1910-AP-3D-SALA-R00-09-TRATADAeb45.jpg]
[nataliafaria.arq.br/wp-content/uploads/2019/11/1910-AP-3D-SALA-R00-10-TRATADAeb45.jpg]
[nataliafaria.arq.br/wp-content/uploads/2019/11/1910-AP-3D-SALA-R00-12-TRATADAeb45.jpg]
[nataliafaria.arq.br/wp-content/uploads/2019/11/1910-AP-3D-SALA-R00-13-TRATADAeb45.jpg]
[nataliafaria.arq.br/wp-content/uploads/2019/11/1910-AP-3D-SALA-R00-14-TRATADAeb45.jpg]
[nataliafaria.arq.br/wp-content/uploads/2019/11/1910-AP-3D-SALA-R00-15-TRATADAeb45.jpg]
[nataliafaria.arq.br/wp-content/uploads/2019/11/1910-AP-3D-SALA-R00-16-TRATADAeb45.jpg]
[nataliafaria.arq.br/wp-content/uploads/2019/11/1910-AP-3D-SALA-R00-17-TRATADAeb45.jpg]
[fabiana-e-felipe/index.html]
[residencial/area-externa/index.html]
[residencial/espaco-gourmet/index.html]
[debora-e-felipe/feed/index.html]
[wp-json/wp/v2/posts/1328.json]
[wp-json/oembed/1.0/embeda61e.json]
[wp-json/oembed/1.0/embeda394]
[nataliafaria.arq.br/wp-content/uploads/2019/11/1909-QUARTO-TOM-R00-02-tratada8753.jpg]
[nataliafaria.arq.br/wp-content/uploads/2019/11/01-TRATADAeb45.jpg]
[nataliafaria.arq.br/wp-content/uploads/2019/11/02-TRATADAeb45-2.jpg]
[nataliafaria.arq.br/wp-content/uploads/2019/11/03-TRATADAeb45.jpg]
[nataliafaria.arq.br/wp-content/uploads/2019/11/04-TRATADAeb45.jpg]
[nataliafaria.arq.br/wp-content/uploads/2019/11/06-TRATADAeb45.jpg]
[nataliafaria.arq.br/wp-content/uploads/2019/11/07-TRATADAeb45.jpg]
[nataliafaria.arq.br/wp-content/uploads/2019/11/08-TRATADAeb45-2.jpg]
[nataliafaria.arq.br/wp-content/uploads/2019/11/09-TRATADAeb45.jpg]
[nataliafaria.arq.br/wp-content/uploads/2019/11/1909-QUARTO-TOM-R00-03-tratadaeb45.jpg]
[nataliafaria.arq.br/wp-content/uploads/2019/11/1909-QUARTO-TOM-R00-02-tratadaeb45.jpg]
[nataliafaria.arq.br/wp-content/uploads/2019/11/1909-QUARTO-TOM-R00-04-tratadaeb45.jpg]
[nataliafaria.arq.br/wp-content/uploads/2019/11/1909-QUARTO-TOM-R00-06-tratadaeb45.jpg]
[nataliafaria.arq.br/wp-content/uploads/2019/11/1909-QUARTO-TOM-R00-08-tratadaeb45.jpg]
[nataliafaria.arq.br/wp-content/uploads/2019/11/1909-QUARTO-TOM-R00-09-tratadaeb45.jpg]
[nataliafaria.arq.br/wp-content/uploads/2019/11/1909-QUARTO-TOM-R00-10-tratadaeb45.jpg]
[nataliafaria.arq.br/wp-content/uploads/2019/11/1909-QUARTO-TOM-R00-11-tratadaeb45.jpg]
[nataliafaria.arq.br/wp-content/uploads/2019/11/1909-QUARTO-TOM-R00-12-tratadaeb45.jpg]
[nataliafaria.arq.br/wp-content/uploads/2019/11/01-TRATADA-1eb45.jpg]
[nataliafaria.arq.br/wp-content/uploads/2019/11/02-TRATADA-1eb45.jpg]
[nataliafaria.arq.br/wp-content/uploads/2019/11/05-TRATADAeb45.jpg]
[nataliafaria.arq.br/wp-content/uploads/2019/11/06-TRATADA-1eb45-2.jpg]
[nataliafaria.arq.br/wp-content/uploads/2019/11/07-TRATADA-1eb45.jpg]
[nataliafaria.arq.br/wp-content/uploads/2019/11/08-TRATADA-1eb45.jpg]
[nataliafaria.arq.br/wp-content/uploads/2019/11/09-TRATADA-1eb45.jpg]
[nataliafaria.arq.br/wp-content/uploads/2019/11/10-TRATADAeb45-2.jpg]
[debora-e-felipe/index.html]
[residencial/home-office/index.html]
[residencial/quarto/quarto-infantil/index.html]
[bruna-e-leonardo/feed/index.html]
[wp-json/wp/v2/posts/1311.json]
[wp-json/oembed/1.0/embedf012.json]
[wp-json/oembed/1.0/embed7989]
[nataliafaria.arq.br/wp-content/uploads/2019/11/06-tratada8753.jpg]
[nataliafaria.arq.br/wp-content/uploads/2019/11/06-tratadaeb45-2.jpg]
[nataliafaria.arq.br/wp-content/uploads/2019/11/04-tratadaeb45-2.jpg]
[nataliafaria.arq.br/wp-content/uploads/2019/11/03-tratadaeb45-2.jpg]
[nataliafaria.arq.br/wp-content/uploads/2019/11/05-tratadaeb45-2.jpg]
[nataliafaria.arq.br/wp-content/uploads/2019/11/07-tratadaeb45-2.jpg]
[nataliafaria.arq.br/wp-content/uploads/2019/11/09-tratadaeb45-2.jpg]
[nataliafaria.arq.br/wp-content/uploads/2019/11/11-tratadaeb45.jpg]
[nataliafaria.arq.br/wp-content/uploads/2019/11/12-tratadaeb45.jpg]
[nataliafaria.arq.br/wp-content/uploads/2019/11/1906-tratada-3D-SALA_Scene-5eb45.jpg]
[nataliafaria.arq.br/wp-content/uploads/2019/11/01-tratada-1eb45-2.jpg]
[bruna-e-leonardo/index.html]
[residencial/varanda/index.html]
[residencial/quarto/index.html]
[residencial/banheiro/index.html]
[tag/apartamento-alugado/index.html]
[tag/apartamento-proprio/index.html]
[tag/berco/index.html]
[tag/churrasqueira/index.html]
[tag/cobertura/index.html]
[tag/decoracao/index.html]
[tag/espaco-gourmet/index.html]
[tag/imovel-alugado/index.html]
[tag/interiores/index.html]
[tag/piscina/index.html]
[tag/reforma/index.html]
[tag/reforma-de-apartamento/index.html]
[tag/sala-intima/index.html]
[tag/suite/index.html]
[tag/varanda-gourmet/index.html]
[wp-content/plugins/jetpack/_inc/blocks/tiled-gallery/view84f4.css]
[wp-content/et-cache/global/et-divi-customizer-global.mine71c.css]
[wp-content/plugins/bloom/css/fonts/ET-Bloombb91.html]
[wp-content/plugins/bloom/css/fonts/ET-Bloomd41d.html]
[wp-content/plugins/bloom/css/fonts/ET-Bloombb91.svg]
[i/noticons/Noticons.svg]
[site/implement/hash/index.html]
[site/implement/images/index.html]
[site/implement/profiles/index.html]
[site/implement/images/coldfusion/index.html]
[site/implement/images/django/index.html]
[site/implement/images/java/index.html]
[site/implement/images/perl/index.html]
[site/implement/images/php/index.html]
[site/implement/images/python/index.html]
[site/implement/images/ruby/index.html]
[site/implement/images/rails/index.html]
[site/implement/images/libraries/index.html]
[site/implement/profiles/json/index.html]
[site/implement/profiles/xml/index.html]
[site/implement/profiles/php/index.html]
[site/implement/profiles/vcf/index.html]
[site/implement/profiles/qr/index.html]
[site/implement/profiles/jsapi/index.html]
[site/implement/xmlrpc/index.html]
[support/what-is-gravatar/index.html]
[support/how-to-sign-up/index.html]
[support/existing-account/index.html]
[support/no-confirmation-email/index.html]
[support/activating-your-account/index.html]
[support/gravatar-locations/index.html]
[support/gravatar-languages/index.html]
[support/faq/index.html]
[support/resetting-your-password/index.html]
[support/changing-your-password/index.html]
[support/recycling-profiles/index.html]
[support/deleting-accounts/index.html]
[support/wordpress-accounts/index.html]
[support/data-privacy.html]
[support/about-profiles/index.html]
[support/profile-privacy/index.html]
[support/profile-contact-info/index.html]
[support/profile-verified-services/index.html]
[support/profile-links/index.html]
[support/profile-hovercards/index.html]
[support/profile-crypto-currency/index.html]
[support/contact-us/index.html]
